// Jest Snapshot v1, https://goo.gl/fbAQLP

exports[`EditBucketlistItem Matches its Snapshot 1`] = `
<div>
   Loading...
</div>
`;
