// Jest Snapshot v1, https://goo.gl/fbAQLP

exports[`EditBucketlist It matches its snapshot 1`] = `
<div>
   Loading...
</div>
`;
