// Jest Snapshot v1, https://goo.gl/fbAQLP

exports[`NewBucketlist Matches its snapshot 1`] = `
<div
  className="container"
>
  <h3>
     New Bucketlist
  </h3>
  <br />
  <form>
    <Field
      component={[Function]}
      label="Bucketlist Name"
      name="name"
      type="input"
    />
    <Field
      component={[Function]}
      label="Bucketlist Description"
      name="description"
      type="text"
    />
    <button
      className="btn btn-success"
      type="submit"
    >
      Create
    </button>
    <Link
      className="btn btn-danger"
      replace={false}
      to="/"
    >
      Cancel
    </Link>
  </form>
</div>
`;
