// Jest Snapshot v1, https://goo.gl/fbAQLP

exports[`NewItem Matches its snapshot 1`] = `
<div>
  Loading...
</div>
`;
