// Jest Snapshot v1, https://goo.gl/fbAQLP

exports[`App matches snapshot 1`] = `
<Provider
  store={
    Object {
      "dispatch": [Function],
      "getState": [Function],
      "replaceReducer": [Function],
      "subscribe": [Function],
      Symbol(observable): [Function],
    }
  }
>
  <BrowserRouter>
    <div>
      <Switch>
        <Route
          component={[Function]}
          path="/bucketlists/:id/:itemid/edit"
        />
        <Route
          component={[Function]}
          exact={true}
          path="/bucketlists/new"
        />
        <Route
          component={[Function]}
          exact={true}
          path="/bucketlists/:id/edit"
        />
        <Route
          component={[Function]}
          path="/bucketlists/:id/new"
        />
        <Route
          component={[Function]}
          path="/bucketlists/:id"
        />
        <Route
          component={[Function]}
          path="/register"
        />
        <Route
          component={[Function]}
          path="/login"
        />
        <Route
          component={[Function]}
          path="/logout"
        />
        <Route
          component={[Function]}
          path="/"
        />
      </Switch>
    </div>
  </BrowserRouter>
</Provider>
`;
